mvn : WARNING: A 
terminally 
deprecated method in 
sun.misc.Unsafe has 
been called
At line:1 char:1
+ mvn clean compile 
2>&1 | Out-File 
-FilePath 
compile_output.txt
+ ~~~~~~~~~~~~~~~~~~~
~~~
    + CategoryInfo   
           : NotSpe  
  cified: (WARNING   
 : A term...has b    
een called:Strin    
g) [], RemoteExc    
eption
    + FullyQualified 
   ErrorId : Native  
  CommandError
 
WARNING: sun.misc.Uns
afe::staticFieldBase 
has been called by co
m.google.inject.inter
nal.aop.HiddenClassDe
finer (file:/C:/Users
/INX/Downloads/apache
-maven-3.9.11-bin/apa
che-maven-3.9.11/lib/
guice-5.1.0-classes.j
ar)
WARNING: Please 
consider reporting 
this to the 
maintainers of class 
com.google.inject.int
ernal.aop.HiddenClass
Definer
WARNING: sun.misc.Uns
afe::staticFieldBase 
will be removed in a 
future release
[INFO] Scanning for projects...
[INFO] 
[INFO] --------------------------< RugbyIQ:RugbyIQ >---------------------------
[INFO] Building RugbyIQ 0.0.1-SNAPSHOT
[INFO]   from pom.xml
[INFO] --------------------------------[ jar ]---------------------------------
[INFO] 
[INFO] --- clean:3.2.0:clean (default-clean) @ RugbyIQ ---
[INFO] Deleting C:\Users\INX\OneDrive\Documents\My Automation Learning\RugbyIQ\target
[INFO] 
[INFO] --- resources:3.3.1:resources (default-resources) @ RugbyIQ ---
[INFO] skip non existing resourceDirectory C:\Users\INX\OneDrive\Documents\My Automation Learning\RugbyIQ\src\main\resources
[INFO] 
[INFO] --- compiler:3.13.0:compile (default-compile) @ RugbyIQ ---
[INFO] No sources to compile
[INFO] ------------------------------------------------------------------------
[INFO] BUILD SUCCESS
[INFO] ------------------------------------------------------------------------
[INFO] Total time:  1.534 s
[INFO] Finished at: 2026-02-12T17:06:14+05:30
[INFO] ------------------------------------------------------------------------
