mvn : WARNING: A 
terminally 
deprecated method in 
sun.misc.Unsafe has 
been called
At line:1 char:1
+ mvn test 
-Dtest=TrashTest > 
test_output.txt 2>&1
+ ~~~~~~~~~~~~~~~~~~~
~~~~~~~~~~~~~~~~~~~~~
~~~~~~~~
    + CategoryInfo   
           : NotSpe  
  cified: (WARNING   
 : A term...has b    
een called:Strin    
g) [], RemoteExc    
eption
    + FullyQualified 
   ErrorId : Native  
  CommandError
 
WARNING: sun.misc.Uns
afe::staticFieldBase 
has been called by co
m.google.inject.inter
nal.aop.HiddenClassDe
finer (file:/C:/Users
/INX/Downloads/apache
-maven-3.9.11-bin/apa
che-maven-3.9.11/lib/
guice-5.1.0-classes.j
ar)
WARNING: Please 
consider reporting 
this to the 
maintainers of class 
com.google.inject.int
ernal.aop.HiddenClass
Definer
WARNING: sun.misc.Uns
afe::staticFieldBase 
will be removed in a 
future release
[INFO] Scanning for projects...
[INFO] 
[INFO] --------------------------< RugbyIQ:RugbyIQ >---------------------------
[INFO] Building RugbyIQ 0.0.1-SNAPSHOT
[INFO]   from pom.xml
[INFO] --------------------------------[ jar ]---------------------------------
[INFO] 
[INFO] --- resources:3.3.1:resources (default-resources) @ RugbyIQ ---
[INFO] skip non existing resourceDirectory C:\Users\INX\OneDrive\Documents\My Automation Learning\RugbyIQ\src\main\resources
[INFO] 
[INFO] --- compiler:3.13.0:compile (default-compile) @ RugbyIQ ---
[INFO] No sources to compile
[INFO] 
[INFO] --- resources:3.3.1:testResources (default-testResources) @ RugbyIQ ---
[INFO] Copying 2 resources from src\test\resources to target\test-classes
[INFO] 
[INFO] --- compiler:3.13.0:testCompile (default-testCompile) @ RugbyIQ ---
[INFO] Nothing to compile - all classes are up to date.
[INFO] 
[INFO] --- surefire:3.2.5:test (default-test) @ RugbyIQ ---
[INFO] Using auto detected provider org.apache.maven.surefire.testng.TestNGProvider
[INFO] 
[INFO] -------------------------------------------------------
[INFO]  T E S T S
[INFO] -------------------------------------------------------
[INFO] Running test.TrashTest
SLF4J(W): No SLF4J 
providers were found.
SLF4J(W): Defaulting 
to no-operation 
(NOP) logger 
implementation
SLF4J(W): See https:/
/www.slf4j.org/codes.
html#noProviders for 
further details.
Feb 13, 2026 
10:13:39 AM org.openq
a.selenium.devtools.C
dpVersionFinder 
findNearestMatch
WARNING: Unable to 
find CDP 
implementation 
matching 144
Feb 13, 2026 
10:13:39 AM org.openq
a.selenium.chromium.C
hromiumDriver 
lambda$new$5
WARNING: Unable to 
find version of CDP 
to use for 
144.0.7559.133. You 
may need to include 
a dependency on a 
specific version of 
the CDP using 
something similar to 
`org.seleniumhq.selen
ium:selenium-devtools
-v86:4.18.1` where 
the version ("v86") 
matches the version 
of the 
chromium-based 
browser you're using 
and the version 
number of the 
artifact is the same 
as Selenium's.
Entered email: julia.mason@yopmail.com
Entered password.
Clicked on Login button.
Navigated to My Teams page.
Selected team: Pro10
Selected plan: Pre Rugby Plan
Selected session: Pre Rugby Session
Clicked on three-dot menu for drill: My Video
Navigated to My Teams page.
Selected team: Pro10
Selected plan: Pre Rugby Plan
Selected session: Pre Rugby Session
DEBUG: Exception in isDrillVisibleInListing: Expected condition failed: waiting for visibility of all [[[ChromeDriver: chrome on windows (16c6ac2bf4157b1cd4f3db5ae28269a6)] -> xpath: //h3[contains(@class, 'text-gray-900')]], [[ChromeDriver: chrome on windows (16c6ac2bf4157b1cd4f3db5ae28269a6)] -> xpath: //h3[contains(@class, 'text-gray-900')]], [[ChromeDriver: chrome on windows (16c6ac2bf4157b1cd4f3db5ae28269a6)] -> xpath: //h3[contains(@class, 'text-gray-900')]], [[ChromeDriver: chrome on windows (16c6ac2bf4157b1cd4f3db5ae28269a6)] -> xpath: //h3[contains(@class, 'text-gray-900')]], [[ChromeDriver: chrome on windows (16c6ac2bf4157b1cd4f3db5ae28269a6)] -> xpath: //h3[contains(@class, 'text-gray-900')]]] (tried for 10 second(s) with 500 milliseconds interval)
Build info: version: '4.18.1', revision: 'b1d3319b48'
System info: os.name: 'Windows 11', os.arch: 'amd64', os.version: '10.0', java.version: '24.0.1'
Driver info: org.openqa.selenium.chrome.ChromeDriver
Capabilities {acceptInsecureCerts: false, browserName: chrome, browserVersion: 144.0.7559.133, chrome: {chromedriverVersion: 144.0.7559.133 (7da823b1d59..., userDataDir: C:\Users\INX\AppData\Local\...}, fedcm:accounts: true, goog:chromeOptions: {debuggerAddress: localhost:55803}, goog:processID: 21632, networkConnectionEnabled: false, pageLoadStrategy: normal, platformName: windows, proxy: Proxy(), se:cdp: ws://localhost:55803/devtoo..., se:cdpVersion: 144.0.7559.133, setWindowRect: true, strictFileInteractability: false, timeouts: {implicit: 0, pageLoad: 300000, script: 30000}, unhandledPromptBehavior: dismiss and notify, webauthn:extension:credBlob: true, webauthn:extension:largeBlob: true, webauthn:extension:minPinLength: true, webauthn:extension:prf: true, webauthn:virtualAuthenticators: true}
Session ID: 16c6ac2bf4157b1cd4f3db5ae28269a6
Browser closed successfully.
[ERROR] Tests run: 1, Failures: 1, Errors: 0, Skipped: 0, Time elapsed: 73.07 s <<< FAILURE! -- in test.TrashTest
[ERROR] test.TrashTest.trash -- Time elapsed: 67.69 s <<< FAILURE!
java.lang.AssertionError: Drill 'My Video' was not found in session after restore expected [true] but found [false]
	at org.testng.Assert.fail(Assert.java:111)
	at org.testng.Assert.failNotEquals(Assert.java:1578)
	at org.testng.Assert.assertTrue(Assert.java:57)
	at test.TrashTest.trash(TrashTest.java:88)
	at java.base/jdk.internal.reflect.DirectMethodHandleAccessor.invoke(DirectMethodHandleAccessor.java:104)
	at java.base/java.lang.reflect.Method.invoke(Method.java:565)
	at org.testng.internal.invokers.MethodInvocationHelper.invokeMethod(MethodInvocationHelper.java:139)
	at org.testng.internal.invokers.TestInvoker.invokeMethod(TestInvoker.java:664)
	at org.testng.internal.invokers.TestInvoker.invokeTestMethod(TestInvoker.java:228)
	at org.testng.internal.invokers.MethodRunner.runInSequence(MethodRunner.java:63)
	at org.testng.internal.invokers.TestInvoker$MethodInvocationAgent.invoke(TestInvoker.java:961)
	at org.testng.internal.invokers.TestInvoker.invokeTestMethods(TestInvoker.java:201)
	at org.testng.internal.invokers.TestMethodWorker.invokeTestMethods(TestMethodWorker.java:148)
	at org.testng.internal.invokers.TestMethodWorker.run(TestMethodWorker.java:128)
	at java.base/java.util.ArrayList.forEach(ArrayList.java:1604)
	at org.testng.TestRunner.privateRun(TestRunner.java:819)
	at org.testng.TestRunner.run(TestRunner.java:619)
	at org.testng.SuiteRunner.runTest(SuiteRunner.java:443)
	at org.testng.SuiteRunner.runSequentially(SuiteRunner.java:437)
	at org.testng.SuiteRunner.privateRun(SuiteRunner.java:397)
	at org.testng.SuiteRunner.run(SuiteRunner.java:336)
	at org.testng.SuiteRunnerWorker.runSuite(SuiteRunnerWorker.java:52)
	at org.testng.SuiteRunnerWorker.run(SuiteRunnerWorker.java:95)
	at org.testng.TestNG.runSuitesSequentially(TestNG.java:1301)
	at org.testng.TestNG.runSuitesLocally(TestNG.java:1228)
	at org.testng.TestNG.runSuites(TestNG.java:1134)
	at org.testng.TestNG.run(TestNG.java:1101)
	at org.apache.maven.surefire.testng.TestNGExecutor.run(TestNGExecutor.java:155)
	at org.apache.maven.surefire.testng.TestNGDirectoryTestSuite.executeSingleClass(TestNGDirectoryTestSuite.java:102)
	at org.apache.maven.surefire.testng.TestNGDirectoryTestSuite.execute(TestNGDirectoryTestSuite.java:91)
	at org.apache.maven.surefire.testng.TestNGProvider.invoke(TestNGProvider.java:137)
	at org.apache.maven.surefire.booter.ForkedBooter.runSuitesInProcess(ForkedBooter.java:385)
	at org.apache.maven.surefire.booter.ForkedBooter.execute(ForkedBooter.java:162)
	at org.apache.maven.surefire.booter.ForkedBooter.run(ForkedBooter.java:507)
	at org.apache.maven.surefire.booter.ForkedBooter.main(ForkedBooter.java:495)

[INFO] 
[INFO] Results:
[INFO] 
[ERROR] Failures: 
[ERROR]   TrashTest.trash:88 Drill 'My Video' was not found in session after restore expected [true] but found [false]
[INFO] 
[ERROR] Tests run: 1, Failures: 1, Errors: 0, Skipped: 0
[INFO] 
[INFO] ------------------------------------------------------------------------
[INFO] BUILD FAILURE
[INFO] ------------------------------------------------------------------------
[INFO] Total time:  01:15 min
[INFO] Finished at: 2026-02-13T10:14:50+05:30
[INFO] ------------------------------------------------------------------------
[ERROR] Failed to execute goal org.apache.maven.plugins:maven-surefire-plugin:3.2.5:test (default-test) on project RugbyIQ: There are test failures.
[ERROR] 
[ERROR] Please refer to C:\Users\INX\OneDrive\Documents\My Automation Learning\RugbyIQ\target\surefire-reports for the individual test results.
[ERROR] Please refer to dump files (if any exist) [date].dump, [date]-jvmRun[N].dump and [date].dumpstream.
[ERROR] -> [Help 1]
[ERROR] 
[ERROR] To see the full stack trace of the errors, re-run Maven with the -e switch.
[ERROR] Re-run Maven using the -X switch to enable full debug logging.
[ERROR] 
[ERROR] For more information about the errors and possible solutions, please read the following articles:
[ERROR] [Help 1] http://cwiki.apache.org/confluence/display/MAVEN/MojoFailureException
